// Jest Snapshot v1, https://goo.gl/fbAQLP

exports[`IconButton component should render as IconButton 1`] = `
.emotion-4 {
  color: misc.muted;
  background-color: transparent;
  display: -webkit-box;
  display: -webkit-flex;
  display: -ms-flexbox;
  display: flex;
  -webkit-align-items: center;
  -webkit-box-align: center;
  -ms-flex-align: center;
  align-items: center;
  -webkit-flex-direction: column;
  -ms-flex-direction: column;
  flex-direction: column;
  -webkit-flex-wrap: nowrap;
  -ms-flex-wrap: nowrap;
  flex-wrap: nowrap;
  -webkit-box-pack: center;
  -webkit-justify-content: center;
  -ms-flex-pack: center;
  justify-content: center;
  border: none;
  cursor: pointer;
}

.emotion-0 {
  min-width: 24px;
}

.emotion-1 {
  display: -webkit-box;
  display: -webkit-flex;
  display: -ms-flexbox;
  display: flex;
  -webkit-order: 1;
  -ms-flex-order: 1;
  order: 1;
  -webkit-box-pack: center;
  -webkit-justify-content: center;
  -ms-flex-pack: center;
  justify-content: center;
  -webkit-align-items: center;
  -webkit-box-align: center;
  -ms-flex-align: center;
  align-items: center;
  min-width: 24px;
}

<IconButton>
  <Flex
    alignItems="center"
    as="button"
    bg="transparent"
    border="none"
    color="misc.muted"
    disabled={false}
    display="flex"
    flexDirection="column"
    flexWrap="nowrap"
    hoverable={true}
    justifyContent="center"
    nobr={true}
  >
    <button
      className="emotion-4"
      disabled={false}
    >
      <Icon
        name="check"
        order={1}
        size={24}
      >
        <Base
          className="emotion-0"
          name="check"
          order={1}
          size={24}
        >
          <Flex
            centered={true}
            className="emotion-0"
            display="flex"
            order={1}
          >
            <div
              className="emotion-1"
            >
              <svg
                className="emotion-0"
                name="check"
                order={1}
                size={24}
              />
            </div>
          </Flex>
        </Base>
      </Icon>
    </button>
  </Flex>
</IconButton>
`;
