// Jest Snapshot v1, https://goo.gl/fbAQLP

exports[`TabButtonContainer component should render TabButtonContainer 1`] = `
.emotion-0 {
  display: -webkit-box;
  display: -webkit-flex;
  display: -ms-flexbox;
  display: flex;
  -webkit-flex-wrap: wrap;
  -ms-flex-wrap: wrap;
  flex-wrap: wrap;
}

<TabButtonContainer
  display="flex"
>
  <div
    className="emotion-0"
  />
</TabButtonContainer>
`;
