// Jest Snapshot v1, https://goo.gl/fbAQLP

exports[`TripCard component renders correctly 1`] = `
<Card
  accommodation="Mid-Range"
  bg="surface"
  borderRadius="sm"
  boxShadow={4}
  className="surface"
>
  <Flex
    display="flex"
  >
    <Flex
      display="flex"
      flex={1.5}
      height="auto"
    />
    <Box
      flex={2}
      hoverable={true}
      onClick={[Function]}
      p={3}
    >
      <FlexPanel
        display="flex"
        flexDirection="column"
      >
        <FlexPanel
          display="flex"
          flexDirection="column"
          justifyContent="space-around"
        >
          <Heading5
            as="h5"
            className="heading"
            m={0}
            textStyle="capitalize"
          >
            Trip Name Goes Here
          </Heading5>
          <Text
            fontSize={3}
            mb={3}
            mt={1}
            uppercase={true}
          >
            list_format
          </Text>
        </FlexPanel>
        <Flex
          display="flex"
          justifyContent="space-between"
        >
          <FlexPanel
            alignItems="center"
            display="flex"
            flex={1}
            flexDirection="column"
          >
            <Text
              bold={true}
              fontSize={4}
            >
              dollar_amount
            </Text>
            <Text
              color="misc.muted"
              fontSize={2}
              pt={2}
              textAlign="center"
              uppercase={true}
            >
              per_person
            </Text>
            <Text
              bold={true}
              fontSize={4}
              mt={2}
            />
          </FlexPanel>
          <Divider
            height={100}
            vertical={true}
          />
          <FlexPanel
            alignItems="center"
            display="flex"
            flex={1}
            flexDirection="column"
          >
            <Text
              bold={true}
              fontSize={4}
            >
              17
            </Text>
            <Text
              center={true}
              color="misc.muted"
              fontSize={2}
              pt={2}
              uppercase={true}
            >
              day
            </Text>
          </FlexPanel>
          <Divider
            height={100}
            vertical={true}
          />
          <Flex
            display="flex"
            flex={2}
            fontSize={2}
            justifyContent="center"
          >
            <withI18nextTranslation(TravelStylesDistributionView) />
          </Flex>
        </Flex>
      </FlexPanel>
    </Box>
  </Flex>
</Card>
`;
